// Jest Snapshot v1, https://goo.gl/fbAQLP

exports[`component word input the UI View matches the snapshot 1`] = `ShallowWrapper {}`;
